// Jest Snapshot v1, https://goo.gl/fbAQLP

exports[`renders PollListing component 1`] = `
<div>
  <div>
    <h2>
      List of Polls
    </h2>
    <ul />
  </div>
</div>
`;
